GowinSynthesis start
Running parser ...
Analyzing Verilog file 'D:\Work\ElecEng\Y3\T1\Project_DDSFG\DDSFG_git\DDSFG\Src\DDSFG\src\Btn_Interface.v'
Analyzing Verilog file 'D:\Work\ElecEng\Y3\T1\Project_DDSFG\DDSFG_git\DDSFG\Src\DDSFG\src\Clk_div.v'
Analyzing Verilog file 'D:\Work\ElecEng\Y3\T1\Project_DDSFG\DDSFG_git\DDSFG\Src\DDSFG\src\DDS_Top.v'
Analyzing Verilog file 'D:\Work\ElecEng\Y3\T1\Project_DDSFG\DDSFG_git\DDSFG\Src\DDSFG\src\Interpolator.v'
Analyzing Verilog file 'D:\Work\ElecEng\Y3\T1\Project_DDSFG\DDSFG_git\DDSFG\Src\DDSFG\src\Osc_top.v'
Analyzing Verilog file 'D:\Work\ElecEng\Y3\T1\Project_DDSFG\DDSFG_git\DDSFG\Src\DDSFG\src\ResetGen_Module.v'
Analyzing Verilog file 'D:\Work\ElecEng\Y3\T1\Project_DDSFG\DDSFG_git\DDSFG\Src\DDSFG\src\Rotary_Encoder.v'
Analyzing Verilog file 'D:\Work\ElecEng\Y3\T1\Project_DDSFG\DDSFG_git\DDSFG\Src\DDSFG\src\SampCtrl.v'
Analyzing Verilog file 'D:\Work\ElecEng\Y3\T1\Project_DDSFG\DDSFG_git\DDSFG\Src\DDSFG\src\gowin_prom\romcoef_module.v'
Analyzing Verilog file 'D:\Work\ElecEng\Y3\T1\Project_DDSFG\DDSFG_git\DDSFG\Src\DDSFG\src\gowin_rpll\Pll_Top.v'
Analyzing Verilog file 'D:\Work\ElecEng\Y3\T1\Project_DDSFG\DDSFG_git\DDSFG\Src\DDSFG\src\Lookup_Table.v'
Compiling module 'DDS_Top'("D:\Work\ElecEng\Y3\T1\Project_DDSFG\DDSFG_git\DDSFG\Src\DDSFG\src\DDS_Top.v":12)
Compiling module 'ResetGen_Module'("D:\Work\ElecEng\Y3\T1\Project_DDSFG\DDSFG_git\DDSFG\Src\DDSFG\src\ResetGen_Module.v":12)
Compiling module 'Pll_Top'("D:\Work\ElecEng\Y3\T1\Project_DDSFG\DDSFG_git\DDSFG\Src\DDSFG\src\gowin_rpll\Pll_Top.v":10)
Compiling module 'Clk_Div'("D:\Work\ElecEng\Y3\T1\Project_DDSFG\DDSFG_git\DDSFG\Src\DDSFG\src\Clk_div.v":12)
Compiling module 'Btn_Interface'("D:\Work\ElecEng\Y3\T1\Project_DDSFG\DDSFG_git\DDSFG\Src\DDSFG\src\Btn_Interface.v":12)
Compiling module 'SampCtrl'("D:\Work\ElecEng\Y3\T1\Project_DDSFG\DDSFG_git\DDSFG\Src\DDSFG\src\SampCtrl.v":12)
Compiling module 'Osc_Top'("D:\Work\ElecEng\Y3\T1\Project_DDSFG\DDSFG_git\DDSFG\Src\DDSFG\src\Osc_top.v":12)
Compiling module 'Interpolator'("D:\Work\ElecEng\Y3\T1\Project_DDSFG\DDSFG_git\DDSFG\Src\DDSFG\src\Interpolator.v":12)
Compiling module 'Rotary_Encoder'("D:\Work\ElecEng\Y3\T1\Project_DDSFG\DDSFG_git\DDSFG\Src\DDSFG\src\Rotary_Encoder.v":12)
WARN  (EX3791) : Expression size 12 truncated to fit in target size 11("D:\Work\ElecEng\Y3\T1\Project_DDSFG\DDSFG_git\DDSFG\Src\DDSFG\src\Rotary_Encoder.v":62)
WARN  (EX3670) : Actual bit length 1 differs from formal bit length 11 for port 'Address'("D:\Work\ElecEng\Y3\T1\Project_DDSFG\DDSFG_git\DDSFG\Src\DDSFG\src\DDS_Top.v":128)
Compiling module 'Lookup_Table'("D:\Work\ElecEng\Y3\T1\Project_DDSFG\DDSFG_git\DDSFG\Src\DDSFG\src\Lookup_Table.v":1)
Compiling module 'romcoef_module'("D:\Work\ElecEng\Y3\T1\Project_DDSFG\DDSFG_git\DDSFG\Src\DDSFG\src\gowin_prom\romcoef_module.v":10)
WARN  (EX3670) : Actual bit length 1 differs from formal bit length 11 for port 'Address'("D:\Work\ElecEng\Y3\T1\Project_DDSFG\DDSFG_git\DDSFG\Src\DDSFG\src\DDS_Top.v":136)
NOTE  (EX0101) : Current top module is "DDS_Top"
[5%] Running netlist conversion ...
WARN  (CV0016) : Input Ext_Rot_A is unused("D:\Work\ElecEng\Y3\T1\Project_DDSFG\DDSFG_git\DDSFG\Src\DDSFG\src\DDS_Top.v":16)
WARN  (CV0016) : Input Ext_Rot_B is unused("D:\Work\ElecEng\Y3\T1\Project_DDSFG\DDSFG_git\DDSFG\Src\DDSFG\src\DDS_Top.v":17)
WARN  (CV0016) : Input Ext_Btn_Rot_C is unused("D:\Work\ElecEng\Y3\T1\Project_DDSFG\DDSFG_git\DDSFG\Src\DDSFG\src\DDS_Top.v":18)
Running device independent optimization ...
[10%] Optimizing Phase 0 completed
[15%] Optimizing Phase 1 completed
[25%] Optimizing Phase 2 completed
Running inference ...
[30%] Inferring Phase 0 completed
[40%] Inferring Phase 1 completed
[50%] Inferring Phase 2 completed
[55%] Inferring Phase 3 completed
Running technical mapping ...
[60%] Tech-Mapping Phase 0 completed
[65%] Tech-Mapping Phase 1 completed
[75%] Tech-Mapping Phase 2 completed
[80%] Tech-Mapping Phase 3 completed
[90%] Tech-Mapping Phase 4 completed
WARN  (NL0002) : The module "Btn_Interface" instantiated to "m_btn_interface_rot_c" is swept in optimizing("D:\Work\ElecEng\Y3\T1\Project_DDSFG\DDSFG_git\DDSFG\Src\DDSFG\src\DDS_Top.v":119)
WARN  (NL0002) : The module "Lookup_Table" instantiated to "m_lookup_table" is swept in optimizing("D:\Work\ElecEng\Y3\T1\Project_DDSFG\DDSFG_git\DDSFG\Src\DDSFG\src\DDS_Top.v":139)
WARN  (NL0002) : The module "romcoef_module" instantiated to "m_romcoef" is swept in optimizing("D:\Work\ElecEng\Y3\T1\Project_DDSFG\DDSFG_git\DDSFG\Src\DDSFG\src\Lookup_Table.v":22)
WARN  (NL0002) : The module "Rotary_Encoder" instantiated to "m_rotary_endcoder" is swept in optimizing("D:\Work\ElecEng\Y3\T1\Project_DDSFG\DDSFG_git\DDSFG\Src\DDSFG\src\DDS_Top.v":130)
[95%] Generate netlist file "D:\Work\ElecEng\Y3\T1\Project_DDSFG\DDSFG_git\DDSFG\Src\DDSFG\impl\gwsynthesis\DDSFG.vg" completed
[100%] Generate report file "D:\Work\ElecEng\Y3\T1\Project_DDSFG\DDSFG_git\DDSFG\Src\DDSFG\impl\gwsynthesis\DDSFG_syn.rpt.html" completed
GowinSynthesis finish
