GowinSynthesis start
Running parser ...
Analyzing Verilog file 'D:\Work\ElecEng\Y3\T1\Project_DDSFG\DDSFG_git\DDSFG\src\DDSFG\src\DDS_Top.v'
Undeclared symbol 'PLL_Reset', assumed default net type 'wire'("D:\Work\ElecEng\Y3\T1\Project_DDSFG\DDSFG_git\DDSFG\src\DDSFG\src\DDS_Top.v":7)
Undeclared symbol 'PLL_Clock', assumed default net type 'wire'("D:\Work\ElecEng\Y3\T1\Project_DDSFG\DDSFG_git\DDSFG\src\DDSFG\src\DDS_Top.v":8)
Undeclared symbol 'PLL_Lock', assumed default net type 'wire'("D:\Work\ElecEng\Y3\T1\Project_DDSFG\DDSFG_git\DDSFG\src\DDSFG\src\DDS_Top.v":9)
Analyzing Verilog file 'D:\Work\ElecEng\Y3\T1\Project_DDSFG\DDSFG_git\DDSFG\src\DDSFG\src\gowin_rpll\PLL_Top.v'
Compiling module 'PLL_Top'("D:\Work\ElecEng\Y3\T1\Project_DDSFG\DDSFG_git\DDSFG\src\DDSFG\src\gowin_rpll\PLL_Top.v":10)
NOTE  (EX0101) : Current top module is "PLL_Top"
[5%] Running netlist conversion ...
Running device independent optimization ...
[10%] Optimizing Phase 0 completed
[15%] Optimizing Phase 1 completed
[25%] Optimizing Phase 2 completed
Running inference ...
[30%] Inferring Phase 0 completed
[40%] Inferring Phase 1 completed
[50%] Inferring Phase 2 completed
[55%] Inferring Phase 3 completed
Running technical mapping ...
[60%] Tech-Mapping Phase 0 completed
[65%] Tech-Mapping Phase 1 completed
[75%] Tech-Mapping Phase 2 completed
[80%] Tech-Mapping Phase 3 completed
[90%] Tech-Mapping Phase 4 completed
[95%] Generate netlist file "D:\Work\ElecEng\Y3\T1\Project_DDSFG\DDSFG_git\DDSFG\src\DDSFG\impl\gwsynthesis\DDSFG.vg" completed
[100%] Generate report file "D:\Work\ElecEng\Y3\T1\Project_DDSFG\DDSFG_git\DDSFG\src\DDSFG\impl\gwsynthesis\DDSFG_syn.rpt.html" completed
GowinSynthesis finish
