Reading netlist file: "D:\Work\ElecEng\Y3\T1\Project_DDSFG\DDSFG_git\DDSFG\Src\DDSFG\impl\gwsynthesis\DDSFG.vg"
Parsing netlist file "D:\Work\ElecEng\Y3\T1\Project_DDSFG\DDSFG_git\DDSFG\Src\DDSFG\impl\gwsynthesis\DDSFG.vg" completed
Processing netlist completed
Parsing netlist file "D:\Work\ElecEng\Y3\T1\Project_DDSFG\DDSFG_git\DDSFG\Src\DDSFG\impl\gao\gao.v" completed
Processing netlist completed
Reading constraint file: "D:\Work\ElecEng\Y3\T1\Project_DDSFG\DDSFG_git\DDSFG\Src\DDSFG\src\DDSFG.cst"
Physical Constraint parsed completed
Running placement......
[10%] Placement Phase 0 completed
[20%] Placement Phase 1 completed
[30%] Placement Phase 2 completed
[50%] Placement Phase 3 completed
Running routing......
[60%] Routing Phase 0 completed
[70%] Routing Phase 1 completed
[80%] Routing Phase 2 completed
[90%] Routing Phase 3 completed
Running timing analysis......
[95%] Timing analysis completed
Placement and routing completed
Bitstream generation in progress......
Bitstream generation completed
Running power analysis......
[100%] Power analysis completed
Generate file "D:\Work\ElecEng\Y3\T1\Project_DDSFG\DDSFG_git\DDSFG\Src\DDSFG\impl\pnr\DDSFG.power.html" completed
Generate file "D:\Work\ElecEng\Y3\T1\Project_DDSFG\DDSFG_git\DDSFG\Src\DDSFG\impl\pnr\DDSFG.pin.html" completed
Generate file "D:\Work\ElecEng\Y3\T1\Project_DDSFG\DDSFG_git\DDSFG\Src\DDSFG\impl\pnr\DDSFG.rpt.html" completed
Generate file "D:\Work\ElecEng\Y3\T1\Project_DDSFG\DDSFG_git\DDSFG\Src\DDSFG\impl\pnr\DDSFG.rpt.txt" completed
Generate file "D:\Work\ElecEng\Y3\T1\Project_DDSFG\DDSFG_git\DDSFG\Src\DDSFG\impl\pnr\DDSFG.tr.html" completed
Sun Aug 10 16:31:34 2025

